life is fucking moives.